
> farmvoice@1.0.0 build
> next build

node.exe : ΓÜá Warning: Next.js inferred 
your workspace root, but it may not be 
correct.
At line:1 char:1
+ & "C:\Program Files\nodejs/node.exe" 
"C:\Users\P.SUDHAKAR BABU\AppDat ...
+ ~~~~~~~~~~~~~~~~~~~~~~~~~~~~~~~~~~~~~~~~~~~
~~~~~~~~~~~~~~~~~~~~~~~~~~
    + CategoryInfo          : NotSpecified:  
   (ΓÜá Warning: Ne...not be correct.:Strin  
  g) [], RemoteException
    + FullyQualifiedErrorId : NativeCommandE 
   rror
 
 We detected multiple lockfiles and selected 
the directory of C:\Users\P.SUDHAKAR 
BABU\package-lock.json as the root directory.
 To silence this warning, set 
`turbopack.root` in your Next.js config, or 
consider removing one of the lockfiles if 
it's not needed.
   See https://nextjs.org/docs/app/api-refere
nce/config/next-config-js/turbopack#root-dire
ctory for more information.
 Detected additional lockfiles: 
   * C:\Users\P.SUDHAKAR 
BABU\Downloads\farmvoicePro\package-lock.json

Γû▓ Next.js 16.1.1 (Turbopack)

  Creating an optimized production build ...
Γ£ô Compiled successfully in 4.1s
  Running TypeScript ...
Failed to compile.

./app/settings/page.tsx:81:27
Type error: Type '{ hidden: { y: number; 
opacity: number; }; visible: { y: number; 
opacity: number; transition: { type: string; 
stiffness: number; }; }; }' is not 
assignable to type 'Variants'.
  Property 'visible' is incompatible with 
index signature.
    Type '{ y: number; opacity: number; 
transition: { type: string; stiffness: 
number; }; }' is not assignable to type 
'Variant'.
      Type '{ y: number; opacity: number; 
transition: { type: string; stiffness: 
number; }; }' is not assignable to type 
'TargetAndTransition'.
        Type '{ y: number; opacity: number; 
transition: { type: string; stiffness: 
number; }; }' is not assignable to type '{ 
transition?: Transition<any> | undefined; 
transitionEnd?: ResolvedValues | undefined; 
}'.
          Types of property 'transition' are 
incompatible.
            Type '{ type: string; stiffness: 
number; }' is not assignable to type 
'Transition<any> | undefined'.
              Type '{ type: string; 
stiffness: number; }' is not assignable to 
type 'TransitionWithValueOverrides<any>'.
                Type '{ type: string; 
stiffness: number; }' is not assignable to 
type 'ValueAnimationTransition<any>'.
                  Types of property 'type' 
are incompatible.
                    Type 'string' is not 
assignable to type 'AnimationGeneratorType | 
undefined'.

[0m [90m 79 |[39m         [33m>[39m
 [90m 80 |[39m           {[90m/* Account 
Section */[39m}
[31m[1m>[22m[39m[90m 81 |[39m          
 [33m<[39m[33mmotion[39m[33m.[39msectio
n 
variants[33m=[39m{itemVariants}[33m>[39m
 [90m    |[39m                           
[31m[1m^[22m[39m
 [90m 82 |[39m             
[33m<[39m[33mh2[39m 
className[33m=[39m{[32m`text-sm font-bold 
uppercase tracking-wider mb-3 px-2 ${theme 
=== 'dark' ? 'text-gray-400' : 'text-gray-500
'}`[39m}[33m>[39m{t([32m'account_section'
[39m)}[33m<[39m[33m/[39m[33mh2[39m[33
m>[39m
 [90m 83 |[39m             
[33m<[39m[33mdiv[39m 
className[33m=[39m{[32m`rounded-2xl 
shadow-sm border overflow-hidden ${theme === 
'dark' ? 'bg-gray-800 border-gray-700' : 
'bg-white border-gray-200'}`[39m}[33m>[39m
 [90m 84 |[39m               
[33m<[39m[33mdiv[39m 
className[33m=[39m{[32m`p-4 flex 
items-center space-x-4 border-b ${theme === 
'dark' ? 'border-gray-700' : 
'border-gray-100'}`[39m}[33m>[39m[0m
Next.js build worker exited with code: 1 and 
signal: null
